// Jest Snapshot v1, https://goo.gl/fbAQLP

exports[`<AppContainer/> should render correctly 1`] = `
<div
  className="app-container"
>
  The plates are boiling
</div>
`;
